// Vitest Snapshot v1, https://vitest.dev/guide/snapshot.html

exports[`updateWranglerConfig > JSON/JSONC format > merges multiple fields including arrays with comments 1`] = `
"/**
 * Configuration file
 */
{
  "$schema": "node_modules/wrangler/config-schema.json",
  "name": "temp-cloudflare-starter",
  "main": "src/index.ts",
  "compatibility_date": "2025-12-02",
  "compatibility_flags": [
    "global_fetch_strictly_public",
    "nodejs_als"
  ],
  "assets": {
    // The path to the directory
    "directory": "./public"
  },
  "observability": {
    "enabled": true
  },
  "version_metadata": {
    "binding": "CF_VERSION_METADATA"
  }
  // More comments
}"
`;

exports[`updateWranglerConfig > JSON/JSONC format > preserves all comment types in JSONC 1`] = `
"{
  // Worker configuration
  "name": "my-worker",
  // Entry point
  "main": "src/index.ts",
  /* Block comment */
  "compatibility_date": "2024-01-01",
  "version_metadata": {
    "binding": "CF_VERSION_METADATA"
  }
}"
`;

exports[`updateWranglerConfig > JSON/JSONC format > preserves comments in JSONC config 1`] = `
"{
  // This is a comment
  "name": "my-worker",
  "main": "src/index.ts",
  "compatibility_flags": [
    "nodejs_als"
  ]
}"
`;
